// Jest Snapshot v1, https://goo.gl/fbAQLP

exports[`App 1`] = `
<div>
  <h1>
    LessPaper
  </h1>
  <p>
    使用人工智能技术的阅卷辅助系统
  </p>
  <p>
    使用说明详见文档
  </p>
  <h1>
    联系我们
  </h1>
  <p>
    <span>
      <i
        className="anticon anticon-github"
      >
        <svg
          aria-hidden="true"
          className=""
          data-icon="github"
          fill="currentColor"
          height="1em"
          viewBox="64 64 896 896"
          width="1em"
        >
          <path
            d="M511.6 76.3C264.3 76.2 64 276.4 64 523.5 64 718.9 189.3 885 363.8 946c23.5 5.9 19.9-10.8 19.9-22.2v-77.5c-135.7 15.9-141.2-73.9-150.3-88.9C215 726 171.5 718 184.5 703c30.9-15.9 62.4 4 98.9 57.9 26.4 39.1 77.9 32.5 104 26 5.7-23.5 17.9-44.5 34.7-60.8-140.6-25.2-199.2-111-199.2-213 0-49.5 16.3-95 48.3-131.7-20.4-60.5 1.9-112.3 4.9-120 58.1-5.2 118.5 41.6 123.2 45.3 33-8.9 70.7-13.6 112.9-13.6 42.4 0 80.2 4.9 113.5 13.9 11.3-8.6 67.3-48.8 121.3-43.9 2.9 7.7 24.7 58.3 5.5 118 32.4 36.8 48.9 82.7 48.9 132.3 0 102.2-59 188.1-200 212.9a127.5 127.5 0 0 1 38.1 91v112.5c.8 9 0 17.9 15 17.9 177.1-59.7 304.6-227 304.6-424.1 0-247.2-200.4-447.3-447.5-447.3z"
          />
        </svg>
      </i>
    </span>
    <a
      href="https://github.com/chuyuxuan123/LessPaper-AntD"
    >
      GitHub
    </a>
  </p>
  <p>
    <span>
      <i
        className="anticon anticon-qq"
      >
        <svg
          aria-hidden="true"
          className=""
          data-icon="qq"
          fill="currentColor"
          height="1em"
          viewBox="64 64 896 896"
          width="1em"
        >
          <path
            d="M824.8 613.2c-16-51.4-34.4-94.6-62.7-165.3C766.5 262.2 689.3 112 511.5 112 331.7 112 256.2 265.2 261 447.9c-28.4 70.8-46.7 113.7-62.7 165.3-34 109.5-23 154.8-14.6 155.8 18 2.2 70.1-82.4 70.1-82.4 0 49 25.2 112.9 79.8 159-26.4 8.1-85.7 29.9-71.6 53.8 11.4 19.3 196.2 12.3 249.5 6.3 53.3 6 238.1 13 249.5-6.3 14.1-23.8-45.3-45.7-71.6-53.8 54.6-46.2 79.8-110.1 79.8-159 0 0 52.1 84.6 70.1 82.4 8.5-1.1 19.5-46.4-14.5-155.8z"
          />
        </svg>
      </i>
      qq群：12345678
    </span>
  </p>
</div>
`;

exports[`App 2`] = `
<div>
  <div
    className="ant-row-flex ant-row-flex-space-around ant-row-flex-middle"
    style={
      Object {
        "paddingTop": "200px",
      }
    }
  >
    <div
      className="ant-col-7"
    >
      <h1
        style={
          Object {
            "textAlign": "center",
          }
        }
      >
        <span>
          <i
            className="anticon anticon-heart"
          >
            <svg
              aria-hidden="true"
              className=""
              data-icon="heart"
              fill="currentColor"
              height="1em"
              viewBox="64 64 896 896"
              width="1em"
            >
              <path
                d="M923 283.6a260.04 260.04 0 0 0-56.9-82.8 264.4 264.4 0 0 0-84-55.5A265.34 265.34 0 0 0 679.7 125c-49.3 0-97.4 13.5-139.2 39-10 6.1-19.5 12.8-28.5 20.1-9-7.3-18.5-14-28.5-20.1-41.8-25.5-89.9-39-139.2-39-35.5 0-69.9 6.8-102.4 20.3-31.4 13-59.7 31.7-84 55.5a258.44 258.44 0 0 0-56.9 82.8c-13.9 32.3-21 66.6-21 101.9 0 33.3 6.8 68 20.3 103.3 11.3 29.5 27.5 60.1 48.2 91 32.8 48.9 77.9 99.9 133.9 151.6 92.8 85.7 184.7 144.9 188.6 147.3l23.7 15.2c10.5 6.7 24 6.7 34.5 0l23.7-15.2c3.9-2.5 95.7-61.6 188.6-147.3 56-51.7 101.1-102.7 133.9-151.6 20.7-30.9 37-61.5 48.2-91 13.5-35.3 20.3-70 20.3-103.3.1-35.3-7-69.6-20.9-101.9zM512 814.8S156 586.7 156 385.5C156 283.6 240.3 201 344.3 201c73.1 0 136.5 40.8 167.7 100.4C543.2 241.8 606.6 201 679.7 201c104 0 188.3 82.6 188.3 184.5 0 201.2-356 429.3-356 429.3z"
              />
            </svg>
          </i>
        </span>
        LessPaper
      </h1>
      <span
        className="ant-input-group ant-input-group-lg"
      >
        <span
          className="ant-input-affix-wrapper"
        >
          <span
            className="ant-input-prefix"
          >
            <i
              className="anticon anticon-user"
              style={
                Object {
                  "color": "rgba(0,0,0,.25)",
                }
              }
            >
              <svg
                aria-hidden="true"
                className=""
                data-icon="user"
                fill="currentColor"
                height="1em"
                viewBox="64 64 896 896"
                width="1em"
              >
                <path
                  d="M858.5 763.6a374 374 0 0 0-80.6-119.5 375.63 375.63 0 0 0-119.5-80.6c-.4-.2-.8-.3-1.2-.5C719.5 518 760 444.7 760 362c0-137-111-248-248-248S264 225 264 362c0 82.7 40.5 156 102.8 201.1-.4.2-.8.3-1.2.5-44.8 18.9-85 46-119.5 80.6a375.63 375.63 0 0 0-80.6 119.5A371.7 371.7 0 0 0 136 901.8a8 8 0 0 0 8 8.2h60c4.4 0 7.9-3.5 8-7.8 2-77.2 33-149.5 87.8-204.3 56.7-56.7 132-87.9 212.2-87.9s155.5 31.2 212.2 87.9C779 752.7 810 825 812 902.2c.1 4.4 3.6 7.8 8 7.8h60a8 8 0 0 0 8-8.2c-1-47.8-10.9-94.3-29.5-138.2zM512 534c-45.9 0-89.1-17.9-121.6-50.4S340 407.9 340 362c0-45.9 17.9-89.1 50.4-121.6S466.1 190 512 190s89.1 17.9 121.6 50.4S684 316.1 684 362c0 45.9-17.9 89.1-50.4 121.6S557.9 534 512 534z"
                />
              </svg>
            </i>
          </span>
          <input
            className="ant-input"
            disabled={false}
            onChange={[Function]}
            onKeyDown={[Function]}
            placeholder="账号"
            style={null}
            type="username"
          />
        </span>
        <span
          className="ant-input-affix-wrapper"
        >
          <span
            className="ant-input-prefix"
          >
            <i
              className="anticon anticon-lock"
              style={
                Object {
                  "color": "rgba(0,0,0,.25)",
                }
              }
            >
              <svg
                aria-hidden="true"
                className=""
                data-icon="lock"
                fill="currentColor"
                height="1em"
                viewBox="64 64 896 896"
                width="1em"
              >
                <path
                  d="M832 464h-68V240c0-70.7-57.3-128-128-128H388c-70.7 0-128 57.3-128 128v224h-68c-17.7 0-32 14.3-32 32v384c0 17.7 14.3 32 32 32h640c17.7 0 32-14.3 32-32V496c0-17.7-14.3-32-32-32zM332 240c0-30.9 25.1-56 56-56h248c30.9 0 56 25.1 56 56v224H332V240zm460 600H232V536h560v304zM484 701v53c0 4.4 3.6 8 8 8h40c4.4 0 8-3.6 8-8v-53a48.01 48.01 0 1 0-56 0z"
                />
              </svg>
            </i>
          </span>
          <input
            className="ant-input"
            disabled={false}
            onChange={[Function]}
            onKeyDown={[Function]}
            placeholder="密码"
            style={null}
            type="password"
          />
        </span>
      </span>
    </div>
  </div>
  <div
    className="ant-row-flex ant-row-flex-space-around ant-row-flex-middle"
    style={
      Object {
        "paddingTop": "20px",
      }
    }
  >
    <div
      className="ant-radio-group ant-radio-group-outline"
    >
      <label
        className="ant-radio-wrapper ant-radio-wrapper-checked"
      >
        <span
          className="ant-radio ant-radio-checked"
          style={Object {}}
        >
          <input
            checked={true}
            className="ant-radio-input"
            disabled={false}
            onBlur={[Function]}
            onChange={[Function]}
            onFocus={[Function]}
            type="radio"
            value={1}
          />
          <span
            className="ant-radio-inner"
          />
        </span>
        <span>
          教师
        </span>
      </label>
      <label
        className="ant-radio-wrapper"
      >
        <span
          className="ant-radio"
          style={Object {}}
        >
          <input
            checked={false}
            className="ant-radio-input"
            disabled={false}
            onBlur={[Function]}
            onChange={[Function]}
            onFocus={[Function]}
            type="radio"
            value={2}
          />
          <span
            className="ant-radio-inner"
          />
        </span>
        <span>
          学生
        </span>
      </label>
    </div>
  </div>
  <div
    className="ant-row-flex ant-row-flex-space-around ant-row-flex-middle"
    style={
      Object {
        "paddingTop": "20px",
      }
    }
  >
    <button
      className="ant-btn ant-btn-primary ant-btn-lg"
      onClick={[Function]}
      type="button"
    >
      <i
        className="anticon anticon-login"
      >
        <svg
          aria-hidden="true"
          className=""
          data-icon="login"
          fill="currentColor"
          height="1em"
          viewBox="64 64 896 896"
          width="1em"
        >
          <path
            d="M521.7 82c-152.5-.4-286.7 78.5-363.4 197.7-3.4 5.3.4 12.3 6.7 12.3h70.3c4.8 0 9.3-2.1 12.3-5.8 7-8.5 14.5-16.7 22.4-24.5 32.6-32.5 70.5-58.1 112.7-75.9 43.6-18.4 90-27.8 137.9-27.8 47.9 0 94.3 9.3 137.9 27.8 42.2 17.8 80.1 43.4 112.7 75.9 32.6 32.5 58.1 70.4 76 112.5C865.7 417.8 875 464.1 875 512c0 47.9-9.4 94.2-27.8 137.8-17.8 42.1-43.4 80-76 112.5s-70.5 58.1-112.7 75.9A352.8 352.8 0 0 1 520.6 866c-47.9 0-94.3-9.4-137.9-27.8A353.84 353.84 0 0 1 270 762.3c-7.9-7.9-15.3-16.1-22.4-24.5-3-3.7-7.6-5.8-12.3-5.8H165c-6.3 0-10.2 7-6.7 12.3C234.9 863.2 368.5 942 520.6 942c236.2 0 428-190.1 430.4-425.6C953.4 277.1 761.3 82.6 521.7 82zM395.02 624v-76h-314c-4.4 0-8-3.6-8-8v-56c0-4.4 3.6-8 8-8h314v-76c0-6.7 7.8-10.5 13-6.3l141.9 112a8 8 0 0 1 0 12.6l-141.9 112c-5.2 4.1-13 .4-13-6.3z"
          />
        </svg>
      </i>
      <span>
        登录
      </span>
    </button>
  </div>
</div>
`;
